
There are no discarded input sections

Memory Configuration

Name             Origin             Length             Attributes
FLASH            0x08010000         0x00001000         xr
*default*        0x00000000         0xffffffff

Linker script and memory map

LOAD hello.o

.text           0x08010000       0x36
                0x08010000                        . = ALIGN (0x4)
                0x08010000                        _stext = .
 *(.func_table)
 .func_table    0x08010000        0x8 hello.o
                0x08010000                func_table
 *(.text)
 .text          0x08010008       0x18 hello.o
                0x08010008                hello
 *(.text.*)
 *(.rodata)
 .rodata        0x08010020       0x16 hello.o
 *(.rodata*)
 *(.glue_7)
 .glue_7        0x08010036        0x0 linker stubs
 *(.glue_7t)
 .glue_7t       0x08010036        0x0 linker stubs
 *(.gnu.linkonce.t*)
                0x08010036                        _etext = .
OUTPUT(hello.elf elf32-littlearm)
LOAD linker stubs

.data           0x08010036        0x0
 .data          0x08010036        0x0 hello.o

.igot.plt       0x08010038        0x0
 .igot.plt      0x08010038        0x0 hello.o

.vfp11_veneer   0x08010038        0x0
 .vfp11_veneer  0x08010038        0x0 linker stubs

.v4_bx          0x08010038        0x0
 .v4_bx         0x08010038        0x0 linker stubs

.iplt           0x08010038        0x0
 .iplt          0x08010038        0x0 hello.o

.rel.dyn        0x08010038        0x0
 .rel.iplt      0x08010038        0x0 hello.o

.bss            0x08010036        0x0
 .bss           0x08010036        0x0 hello.o

.debug_info     0x00000000      0x132
 .debug_info    0x00000000      0x132 hello.o

.debug_abbrev   0x00000000       0xdc
 .debug_abbrev  0x00000000       0xdc hello.o

.debug_aranges  0x00000000       0x20
 .debug_aranges
                0x00000000       0x20 hello.o

.debug_line     0x00000000       0x4b
 .debug_line    0x00000000       0x4b hello.o

.debug_str      0x00000000      0x12b
 .debug_str     0x00000000      0x12b hello.o
                                0x16a (size before relaxing)

.comment        0x00000000       0x1e
 .comment       0x00000000       0x1e hello.o
                                 0x1f (size before relaxing)

.ARM.attributes
                0x00000000       0x34
 .ARM.attributes
                0x00000000       0x34 hello.o

.debug_frame    0x00000000       0x2c
 .debug_frame   0x00000000       0x2c hello.o
